[preview.droitthemes.net/wp/saasland/demos/index.html]
[backblue.gif]
[fade.gif]
[index.html]
[preview.droitthemes.net/wp/saasland/demos/img/favicon.png]
[preview.droitthemes.net/wp/saasland/demos/css/bootstrap.min.css]
[preview.droitthemes.net/wp/saasland/demos/css/style.css]
[preview.droitthemes.net/wp/saasland/demos/css/responsive.css]
[preview.droitthemes.net/wp/saasland/demos/img/logo2.png]
[preview.droitthemes.net/wp/saasland/demos/faq.html]
[preview.droitthemes.net/wp/saasland/demos/video_tutorial.html]
[preview.droitthemes.net/wp/saasland/demos/support.html]
[preview.droitthemes.net/wp/saasland/demos/img/tablet_04.png]
[preview.droitthemes.net/wp/saasland/demos/img/mackbook.png]
[preview.droitthemes.net/wp/saasland/demos/img/iphonex1.png]
[preview.droitthemes.net/wp/saasland/demos/img/tablet_01.png]
[preview.droitthemes.net/wp/saasland/demos/img/tablet_03.png]
[preview.droitthemes.net/wp/saasland/demos/img/tablet_02.png]
[preview.droitthemes.net/wp/saasland/demos/img/circle1.png]
[preview.droitthemes.net/wp/saasland/demos/img/circle-2.png]
[preview.droitthemes.net/wp/saasland/demos/img/shape_02.png]
[preview.droitthemes.net/wp/saasland/demos/img/shape_03.png]
[preview.droitthemes.net/wp/saasland/demos/img/shape_04.png]
[preview.droitthemes.net/wp/saasland/demos/img/shape_05.png]
[preview.droitthemes.net/wp/saasland/demos/img/shape_06.png]
[preview.droitthemes.net/wp/saasland/demos/img/shape_07.png]
[preview.droitthemes.net/wp/saasland/demos/img/shape_08.png]
[preview.droitthemes.net/wp/saasland/demos/img/dot.png]
[preview.droitthemes.net/wp/saasland/demos/img/features_1.png]
[preview.droitthemes.net/wp/saasland/demos/img/features_2.png]
[preview.droitthemes.net/wp/saasland/demos/img/features_3.png]
[preview.droitthemes.net/wp/saasland/demos/img/features_4.png]
[preview.droitthemes.net/wp/saasland/demos/img/features_5.png]
[preview.droitthemes.net/wp/saasland/demos/img/features_6.png]
[preview.droitthemes.net/wp/saasland/demos/img/new-demo1.jpg]
[preview.droitthemes.net/wp/saasland/demos/img/new-demo2.jpg]
[preview.droitthemes.net/wp/saasland/demos/img/home/demo1.png]
[preview.droitthemes.net/wp/saasland/demos/img/home/demo18.jpg]
[preview.droitthemes.net/wp/saasland/demos/img/home/home-support.jpg]
[preview.droitthemes.net/wp/saasland/demos/img/home/demo20.jpg]
[preview.droitthemes.net/wp/saasland/demos/img/home/chat.png]
[preview.droitthemes.net/wp/saasland/demos/img/home/security_software.jpg]
[preview.droitthemes.net/wp/saasland/demos/img/home/demo14.jpg]
[preview.droitthemes.net/wp/saasland/demos/img/home/demo9.jpg]
[preview.droitthemes.net/wp/saasland/demos/img/home/demo16.jpg]
[preview.droitthemes.net/wp/saasland/demos/img/home/demo11.jpg]
[preview.droitthemes.net/wp/saasland/demos/img/home/demo12.jpg]
[preview.droitthemes.net/wp/saasland/demos/img/home/demo15.jpg]
[preview.droitthemes.net/wp/saasland/demos/img/home/demo2.png]
[preview.droitthemes.net/wp/saasland/demos/img/home/demo8.jpg]
[preview.droitthemes.net/wp/saasland/demos/img/home/event.png]
[preview.droitthemes.net/wp/saasland/demos/img/home/Time_Tracking_Software.jpg]
[preview.droitthemes.net/wp/saasland/demos/img/home/home_color.jpg]
[preview.droitthemes.net/wp/saasland/demos/img/home/home-analytics-software.jpg]
[preview.droitthemes.net/wp/saasland/demos/img/home/demo6.png]
[preview.droitthemes.net/wp/saasland/demos/img/home/demo13.jpg]
[preview.droitthemes.net/wp/saasland/demos/img/home/demo19.jpg]
[preview.droitthemes.net/wp/saasland/demos/img/home/demo10.jpg]
[preview.droitthemes.net/wp/saasland/demos/img/home/demo4.png]
[preview.droitthemes.net/wp/saasland/demos/img/demo_landing.jpg]
[preview.droitthemes.net/wp/saasland/demos/img/home/demo7.jpg]
[preview.droitthemes.net/wp/saasland/demos/img/home/demo3.png]
[preview.droitthemes.net/wp/saasland/demos/img/home/demo21.jpg]
[preview.droitthemes.net/wp/saasland/demos/img/home/demo17.jpg]
[preview.droitthemes.net/wp/saasland/demos/img/pr_dark.jpg]
[preview.droitthemes.net/wp/saasland/demos/img/fashion.jpg]
[preview.droitthemes.net/wp/saasland/demos/img/home/home-split.jpg]
[preview.droitthemes.net/wp/saasland/demos/img/gadget.jpg]
[preview.droitthemes.net/wp/saasland/demos/img/home/digital-shop.jpg]
[preview.droitthemes.net/wp/saasland/demos/img/personal-portfolio.jpg]
[preview.droitthemes.net/wp/saasland/demos/img/home/demo23.jpg]
[preview.droitthemes.net/wp/saasland/demos/img/portfolio.jpg]
[preview.droitthemes.net/wp/saasland/demos/img/home-creative.jpg]
[preview.droitthemes.net/wp/saasland/demos/img/digital-demo.jpg]
[preview.droitthemes.net/wp/saasland/demos/img/011.jpg]
[preview.droitthemes.net/wp/saasland/demos/img/022.jpg]
[preview.droitthemes.net/wp/saasland/demos/img/033.jpg]
[preview.droitthemes.net/wp/saasland/demos/img/044.jpg]
[preview.droitthemes.net/wp/saasland/demos/img/055.jpg]
[preview.droitthemes.net/wp/saasland/demos/img/066.jpg]
[preview.droitthemes.net/wp/saasland/demos/img/066-1.jpg]
[preview.droitthemes.net/wp/saasland/demos/img/r011.jpg]
[preview.droitthemes.net/wp/saasland/demos/img/r022.jpg]
[preview.droitthemes.net/wp/saasland/demos/img/r033.jpg]
[preview.droitthemes.net/wp/saasland/demos/img/r044.jpg]
[preview.droitthemes.net/wp/saasland/demos/img/r055.jpg]
[preview.droitthemes.net/wp/saasland/demos/img/r066.jpg]
[preview.droitthemes.net/wp/saasland/demos/img/r077.jpg]
[preview.droitthemes.net/wp/saasland/demos/img/elemator_log.png]
[preview.droitthemes.net/wp/saasland/demos/img/elemetor.png]
[preview.droitthemes.net/wp/saasland/demos/img/inner-page/demo_1.jpg]
[preview.droitthemes.net/wp/saasland/demos/img/inner-page/demo_02.jpg]
[preview.droitthemes.net/wp/saasland/demos/img/inner-page/demo_04.jpg]
[preview.droitthemes.net/wp/saasland/demos/img/inner-page/demo_03.jpg]
[preview.droitthemes.net/wp/saasland/demos/img/inner-page/demo_09.jpg]
[preview.droitthemes.net/wp/saasland/demos/img/inner-page/demo_07.jpg]
[preview.droitthemes.net/wp/saasland/demos/img/inner-page/demo_08.jpg]
[preview.droitthemes.net/wp/saasland/demos/img/inner-page/demo_15.jpg]
[preview.droitthemes.net/wp/saasland/demos/img/inner-page/demo_16.jpg]
[preview.droitthemes.net/wp/saasland/demos/img/saasland-404.jpg]
[preview.droitthemes.net/wp/saasland/demos/img/inner-page/demo_38.jpg]
[preview.droitthemes.net/wp/saasland/demos/img/home/utility_p1.jpg]
[preview.droitthemes.net/wp/saasland/demos/img/home/utility_p2.jpg]
[preview.droitthemes.net/wp/saasland/demos/img/home/utility_p7.jpg]
[preview.droitthemes.net/wp/saasland/demos/img/home/utility_p3.jpg]
[preview.droitthemes.net/wp/saasland/demos/img/home/utility_p4.jpg]
[preview.droitthemes.net/wp/saasland/demos/img/home/utility_p5.jpg]
[preview.droitthemes.net/wp/saasland/demos/img/home/utility_p6.jpg]
[preview.droitthemes.net/wp/saasland/demos/img/home/case_study_grid.jpg]
[preview.droitthemes.net/wp/saasland/demos/img/home/case_study_single.jpg]
[preview.droitthemes.net/wp/saasland/demos/img/portfolio/demo_18.png]
[preview.droitthemes.net/wp/saasland/demos/img/portfolio/portfolio_19.jpg]
[preview.droitthemes.net/wp/saasland/demos/img/inner-page/demo_24.jpg]
[preview.droitthemes.net/wp/saasland/demos/img/inner-page/demo_22.jpg]
[preview.droitthemes.net/wp/saasland/demos/img/portfolio/portfolio_20.jpg]
[preview.droitthemes.net/wp/saasland/demos/img/portfolio/portfolio_21.jpg]
[preview.droitthemes.net/wp/saasland/demos/img/portfolio/portfolio_22.jpg]
[preview.droitthemes.net/wp/saasland/demos/img/portfolio/portfolio_23.jpg]
[preview.droitthemes.net/wp/saasland/demos/img/portfolio/portfolio_24.jpg]
[preview.droitthemes.net/wp/saasland/demos/img/portfolio/portfolio_26.jpg]
[preview.droitthemes.net/wp/saasland/demos/img/portfolio/portfolio_25.jpg]
[preview.droitthemes.net/wp/saasland/demos/img/inner-page/demo_26.jpg]
[preview.droitthemes.net/wp/saasland/demos/img/portfolio/portfolio_27.jpg]
[preview.droitthemes.net/wp/saasland/demos/img/portfolio/portfolio_28.jpg]
[preview.droitthemes.net/wp/saasland/demos/img/portfolio/portfolio_29.jpg]
[preview.droitthemes.net/wp/saasland/demos/img/portfolio/portfolio_30.jpg]
[preview.droitthemes.net/wp/saasland/demos/img/portfolio/portfolio_31.jpg]
[preview.droitthemes.net/wp/saasland/demos/img/portfolio/portfolio_32.jpg]
[preview.droitthemes.net/wp/saasland/demos/img/portfolio/portfolio_33.jpg]
[preview.droitthemes.net/wp/saasland/demos/img/portfolio/portfolio_34.jpg]
[preview.droitthemes.net/wp/saasland/demos/img/shop/demo_03.jpg]
[preview.droitthemes.net/wp/saasland/demos/img/shop/demo_01.jpg]
[preview.droitthemes.net/wp/saasland/demos/img/shop/demo_05.jpg]
[preview.droitthemes.net/wp/saasland/demos/img/shop/demo_07.jpg]
[preview.droitthemes.net/wp/saasland/demos/img/shop/demo_06.jpg]
[preview.droitthemes.net/wp/saasland/demos/img/blog/demo_02.jpg]
[preview.droitthemes.net/wp/saasland/demos/img/blog/demo_01.jpg]
[preview.droitthemes.net/wp/saasland/demos/img/blog/demo_04.jpg]
[preview.droitthemes.net/wp/saasland/demos/img/blog/demo_05.jpg]
[preview.droitthemes.net/wp/saasland/demos/img/blog/r1.jpg]
[preview.droitthemes.net/wp/saasland/demos/img/blog/r2.jpg]
[preview.droitthemes.net/wp/saasland/demos/img/blog/r3.jpg]
[preview.droitthemes.net/wp/saasland/demos/img/blog/r4.jpg]
[preview.droitthemes.net/wp/saasland/demos/img/f_shap.png]
[preview.droitthemes.net/wp/saasland/demos/img/f_shap_two.png]
[preview.droitthemes.net/wp/saasland/demos/img/f_img.png]
[preview.droitthemes.net/wp/saasland/demos/img/finger-two.png]
[preview.droitthemes.net/wp/saasland/demos/img/f_img_two.png]
[preview.droitthemes.net/wp/saasland/demos/img/g_b.png]
[preview.droitthemes.net/wp/saasland/demos/img/round.png]
[preview.droitthemes.net/wp/saasland/demos/img/011.png]
[preview.droitthemes.net/wp/saasland/demos/img/022.png]
[preview.droitthemes.net/wp/saasland/demos/img/033.png]
[preview.droitthemes.net/wp/saasland/demos/img/044.png]
[preview.droitthemes.net/wp/saasland/demos/img/img/element_d1.png]
[preview.droitthemes.net/wp/saasland/demos/img/img/element_d2.png]
[preview.droitthemes.net/wp/saasland/demos/img/img/element_d3.png]
[preview.droitthemes.net/wp/saasland/demos/img/img/element_d4.png]
[preview.droitthemes.net/wp/saasland/demos/img/img/demo5.png]
[preview.droitthemes.net/wp/saasland/demos/img/img/demo6.png]
[preview.droitthemes.net/wp/saasland/demos/img/img/demo7.png]
[preview.droitthemes.net/wp/saasland/demos/img/img/demo8.png]
[preview.droitthemes.net/wp/saasland/demos/img/img/demo9.png]
[preview.droitthemes.net/wp/saasland/demos/img/img/demo10.png]
[preview.droitthemes.net/wp/saasland/demos/img/img/demo11.png]
[preview.droitthemes.net/wp/saasland/demos/img/img/demo12.png]
[preview.droitthemes.net/wp/saasland/demos/img/img/demo13.png]
[preview.droitthemes.net/wp/saasland/demos/img/img/demo14.png]
[preview.droitthemes.net/wp/saasland/demos/img/img/demo15.png]
[preview.droitthemes.net/wp/saasland/demos/img/img/demo16.png]
[preview.droitthemes.net/wp/saasland/demos/img/img/demo17.png]
[preview.droitthemes.net/wp/saasland/demos/img/img/demo18.png]
[preview.droitthemes.net/wp/saasland/demos/img/img/demo19.png]
[preview.droitthemes.net/wp/saasland/demos/img/img/demo20.png]
[preview.droitthemes.net/wp/saasland/demos/img/save.png]
[preview.droitthemes.net/wp/saasland/demos/img/icon/icon4.png]
[preview.droitthemes.net/wp/saasland/demos/img/save2.png]
[preview.droitthemes.net/wp/saasland/demos/img/icon/icon5.png]
[preview.droitthemes.net/wp/saasland/demos/img/save_30.png]
[preview.droitthemes.net/wp/saasland/demos/img/icon/icon9.png]
[preview.droitthemes.net/wp/saasland/demos/img/icon/icon1.png]
[preview.droitthemes.net/wp/saasland/demos/img/icon/icon2.png]
[preview.droitthemes.net/wp/saasland/demos/img/icon/icon3.png]
[preview.droitthemes.net/wp/saasland/demos/img/icon/icon10.png]
[preview.droitthemes.net/wp/saasland/demos/img/icon/icon6.png]
[preview.droitthemes.net/wp/saasland/demos/img/icon/icon7.png]
[preview.droitthemes.net/wp/saasland/demos/img/icon/icon8.png]
[preview.droitthemes.net/wp/saasland/demos/img/shop/01.png]
[preview.droitthemes.net/wp/saasland/demos/img/shop/02.png]
[preview.droitthemes.net/wp/saasland/demos/img/shop/03.png]
[preview.droitthemes.net/wp/saasland/demos/img/shop/04.png]
[preview.droitthemes.net/wp/saasland/demos/img/blog/blog_01.png]
[preview.droitthemes.net/wp/saasland/demos/img/blog/blog_02.png]
[preview.droitthemes.net/wp/saasland/demos/img/blog/blog_03.png]
[preview.droitthemes.net/wp/saasland/demos/img/blog/blog_04.png]
[preview.droitthemes.net/wp/saasland/demos/img/down_bg.png]
[preview.droitthemes.net/wp/saasland/demos/img/iPhone-8.png]
[preview.droitthemes.net/wp/saasland/demos/img/iPhone-8-Plus.png]
[preview.droitthemes.net/wp/saasland/demos/img/iPad.png]
[preview.droitthemes.net/wp/saasland/demos/img/iPhone-X.png]
[preview.droitthemes.net/wp/saasland/demos/img/design.png]
[preview.droitthemes.net/wp/saasland/demos/img/finger.png]
[preview.droitthemes.net/wp/saasland/demos/img/portfolio/pt_01.png]
[preview.droitthemes.net/wp/saasland/demos/img/portfolio/pt_02.png]
[preview.droitthemes.net/wp/saasland/demos/img/portfolio/pt_03.png]
[preview.droitthemes.net/wp/saasland/demos/img/portfolio/pt_04.png]
[preview.droitthemes.net/wp/saasland/demos/img/portfolio/pt_05.png]
[preview.droitthemes.net/wp/saasland/demos/img/portfolio/p_u_1.jpg]
[preview.droitthemes.net/wp/saasland/demos/img/portfolio/p_u_2.jpg]
[preview.droitthemes.net/wp/saasland/demos/img/portfolio/p_u_3.jpg]
[preview.droitthemes.net/wp/saasland/demos/img/portfolio/p_u_4.jpg]
[preview.droitthemes.net/wp/saasland/demos/img/typography_img.png]
[preview.droitthemes.net/wp/saasland/demos/img/design_file/round_shape.png]
[preview.droitthemes.net/wp/saasland/demos/img/design_file/design_file_1.png]
[preview.droitthemes.net/wp/saasland/demos/img/design_file/design_file_2.png]
[preview.droitthemes.net/wp/saasland/demos/img/design_file/design_file_3.png]
[preview.droitthemes.net/wp/saasland/demos/img/design_file/design_file_4.png]
[preview.droitthemes.net/wp/saasland/demos/img/design_file/design_file_5.png]
[preview.droitthemes.net/wp/saasland/demos/img/icon2/icon1.png]
[preview.droitthemes.net/wp/saasland/demos/img/icon2/icon2.png]
[preview.droitthemes.net/wp/saasland/demos/img/icon2/icon3.png]
[preview.droitthemes.net/wp/saasland/demos/img/icon2/icon4.png]
[preview.droitthemes.net/wp/saasland/demos/img/icon2/icon5.png]
[preview.droitthemes.net/wp/saasland/demos/img/icon2/icon6.png]
[preview.droitthemes.net/wp/saasland/demos/img/icon2/icon7.png]
[preview.droitthemes.net/wp/saasland/demos/img/icon2/icon8.png]
[preview.droitthemes.net/wp/saasland/demos/img/icon2/icon9.png]
[preview.droitthemes.net/wp/saasland/demos/img/icon2/icon10.png]
[preview.droitthemes.net/wp/saasland/demos/img/icon2/icon11.png]
[preview.droitthemes.net/wp/saasland/demos/img/icon2/icon12.png]
[preview.droitthemes.net/wp/saasland/demos/img/clients_site1.jpg]
[preview.droitthemes.net/wp/saasland/demos/img/clients_site2.jpg]
[preview.droitthemes.net/wp/saasland/demos/img/clients_site3.jpg]
[preview.droitthemes.net/wp/saasland/demos/img/clients_site4.jpg]
[preview.droitthemes.net/wp/saasland/demos/img/clients_site6.jpg]
[preview.droitthemes.net/wp/saasland/demos/img/f_logo.png]
[preview.droitthemes.net/wp/saasland/demos/img/shape/footer_shap_1.png]
[preview.droitthemes.net/wp/saasland/demos/img/shape/footer_shap_2.png]
[preview.droitthemes.net/wp/saasland/demos/img/shape/footer_shap_3.png]
[preview.droitthemes.net/wp/saasland/demos/js/jquery-3.2.1.min.js]
[preview.droitthemes.net/wp/saasland/demos/js/propper.js]
[preview.droitthemes.net/wp/saasland/demos/js/bootstrap.min.js]
[preview.droitthemes.net/wp/saasland/demos/js/jquery.easing.1.3.js]
[preview.droitthemes.net/wp/saasland/demos/js/jquery.parallax-scroll.js]
[preview.droitthemes.net/wp/saasland/demos/js/parallax.js]
[preview.droitthemes.net/wp/saasland/demos/vendors/wow/wow.min.js]
[preview.droitthemes.net/wp/saasland/demos/vendors/slick/slick.min.js]
[preview.droitthemes.net/wp/saasland/demos/vendors/imagesloaded/imagesloaded.pkgd.min.js]
[preview.droitthemes.net/wp/saasland/demos/vendors/isotope/isotope-min.js]
[preview.droitthemes.net/wp/saasland/demos/vendors/countdown/countdown.js]
[preview.droitthemes.net/wp/saasland/demos/js/typed.min.js]
[preview.droitthemes.net/wp/saasland/demos/js/main.js]
[preview.droitthemes.net/wp/saasland/demos/index.html]
[preview.droitthemes.net/wp/saasland/demos/css/fonts/themify9f24.eot]
[preview.droitthemes.net/wp/saasland/demos/css/fonts/themify9f24.woff]
[preview.droitthemes.net/wp/saasland/demos/css/fonts/themifyd41d.eot]
[preview.droitthemes.net/wp/saasland/demos/css/fonts/themify9f24.ttf]
[preview.droitthemes.net/wp/saasland/demos/css/fonts/themify9f24.svg]
[preview.droitthemes.net/wp/saasland/demos/css/fonts/ElegantIconsd41d.eot]
[preview.droitthemes.net/wp/saasland/demos/css/fonts/ElegantIcons.woff]
[preview.droitthemes.net/wp/saasland/demos/css/fonts/ElegantIcons.eot]
[preview.droitthemes.net/wp/saasland/demos/css/fonts/ElegantIcons.ttf]
[preview.droitthemes.net/wp/saasland/demos/css/ajax-loader.gif]
[preview.droitthemes.net/wp/saasland/demos/css/fonts/slick.eot]
[preview.droitthemes.net/wp/saasland/demos/css/fonts/slickd41d.eot]
[preview.droitthemes.net/wp/saasland/demos/css/fonts/slick.woff]
[preview.droitthemes.net/wp/saasland/demos/css/fonts/slick.ttf]
[preview.droitthemes.net/wp/saasland/demos/css/fonts/ElegantIcons.svg]
[preview.droitthemes.net/wp/saasland/demos/css/fonts/slick.svg]
[preview.droitthemes.net/wp/saasland/demos/css/bootstrap.min.css]
[preview.droitthemes.net/wp/saasland/demos/img/shap_dot.png]
[preview.droitthemes.net/wp/saasland/demos/img/circle-3.png]
[preview.droitthemes.net/wp/saasland/demos/img/arrow.png]
[preview.droitthemes.net/wp/saasland/demos/img/top_left_right.png]
[preview.droitthemes.net/wp/saasland/demos/img/top_leaf_left.png]
[preview.droitthemes.net/wp/saasland/demos/img/youtube_thumb/01_banner.jpg]
[preview.droitthemes.net/wp/saasland/demos/img/youtube_thumb/02_banner.jpg]
[preview.droitthemes.net/wp/saasland/demos/img/youtube_thumb/03_banner.jpg]
[preview.droitthemes.net/wp/saasland/demos/img/youtube_thumb/04_banner.jpg]
[preview.droitthemes.net/wp/saasland/demos/img/youtube_thumb/05_banner.jpg]
[preview.droitthemes.net/wp/saasland/demos/img/youtube_thumb/06_banner.jpg]
[preview.droitthemes.net/wp/saasland/demos/img/youtube_thumb/07_banner.jpg]
[preview.droitthemes.net/wp/saasland/demos/img/youtube_thumb/08_banner.jpg]
[preview.droitthemes.net/wp/saasland/demos/img/youtube_thumb/09_banner.jpg]
[preview.droitthemes.net/wp/saasland/demos/img/youtube_thumb/10_banner.jpg]
[preview.droitthemes.net/wp/saasland/demos/img/youtube_thumb/11_banner.jpg]
[preview.droitthemes.net/wp/saasland/demos/img/youtube_thumb/12_banner.jpg]
[preview.droitthemes.net/wp/saasland/demos/img/youtube_thumb/13_banner.jpg]
[preview.droitthemes.net/wp/saasland/demos/img/youtube_thumb/14_banner.jpg]
[preview.droitthemes.net/wp/saasland/demos/css/style.css]
[preview.droitthemes.net/wp/saasland/demos/css/responsive.css]
[www.googletagmanager.com/gtm5445.html]
[preview.droitthemes.net/wp/saasland/demos/vendors/animation/animate.css]
[preview.droitthemes.net/wp/saasland/demos/vendors/slick/slick.css]
[preview.droitthemes.net/wp/saasland/demos/vendors/slick/slick-theme.css]
[preview.droitthemes.net/wp/saasland/demos/vendors/elegant-icon/style.css]
[preview.droitthemes.net/wp/saasland/demos/vendors/themify-icons/themify-icons.css]
[preview.droitthemes.net/wp/saasland/demos/faq.html]
[preview.droitthemes.net/wp/saasland/demos/index-2.html]
[preview.droitthemes.net/wp/saasland/demos/css/magnific-popup.css]
[preview.droitthemes.net/wp/saasland/demos/js/jquery.magnific-popup.min.js]
[preview.droitthemes.net/wp/saasland/demos/video_tutorial.html]
[preview.droitthemes.net/wp/saasland/demos/img/support/support_item_1.png]
[preview.droitthemes.net/wp/saasland/demos/img/support/support_item_2.png]
[preview.droitthemes.net/wp/saasland/demos/img/support/support_item_3.png]
[preview.droitthemes.net/wp/saasland/demos/support.html]
[preview.droitthemes.net/wp/saasland/demos/css/fonts/themify9f24.svg]
[preview.droitthemes.net/wp/saasland/demos/css/fonts/ElegantIcons.svg]
[preview.droitthemes.net/wp/saasland/demos/css/fonts/slick.svg]
[preview.droitthemes.net/wp/saasland/demos/vendors/animation/animate.css]
[preview.droitthemes.net/wp/saasland/demos/vendors/slick/slick.css]
[preview.droitthemes.net/wp/saasland/demos/vendors/slick/ajax-loader.gif]
[preview.droitthemes.net/wp/saasland/demos/vendors/slick/fonts/slick.eot]
[preview.droitthemes.net/wp/saasland/demos/vendors/slick/fonts/slickd41d.eot]
[preview.droitthemes.net/wp/saasland/demos/vendors/slick/fonts/slick.woff]
[preview.droitthemes.net/wp/saasland/demos/vendors/slick/fonts/slick.ttf]
[preview.droitthemes.net/wp/saasland/demos/vendors/slick/fonts/slick.svg]
[preview.droitthemes.net/wp/saasland/demos/vendors/slick/slick-theme.css]
[preview.droitthemes.net/wp/saasland/demos/vendors/elegant-icon/fonts/ElegantIcons.eot]
[preview.droitthemes.net/wp/saasland/demos/vendors/elegant-icon/fonts/ElegantIconsd41d.eot]
[preview.droitthemes.net/wp/saasland/demos/vendors/elegant-icon/fonts/ElegantIcons.woff]
[preview.droitthemes.net/wp/saasland/demos/vendors/elegant-icon/fonts/ElegantIcons.ttf]
[preview.droitthemes.net/wp/saasland/demos/vendors/elegant-icon/style.css]
[preview.droitthemes.net/wp/saasland/demos/vendors/themify-icons/fonts/themify9f24.eot]
[preview.droitthemes.net/wp/saasland/demos/vendors/themify-icons/fonts/themifyd41d.eot]
[preview.droitthemes.net/wp/saasland/demos/vendors/elegant-icon/fonts/ElegantIcons.svg]
[preview.droitthemes.net/wp/saasland/demos/vendors/themify-icons/fonts/themify9f24.woff]
[preview.droitthemes.net/wp/saasland/demos/vendors/themify-icons/fonts/themify9f24.ttf]
[preview.droitthemes.net/wp/saasland/demos/vendors/themify-icons/themify-icons.css]
[preview.droitthemes.net/wp/saasland/demos/index-2.html]
[preview.droitthemes.net/wp/saasland/demos/css/magnific-popup.css]
[preview.droitthemes.net/wp/saasland/demos/vendors/slick/fonts/slick.svg]
[preview.droitthemes.net/wp/saasland/demos/vendors/elegant-icon/fonts/ElegantIcons.svg]
[preview.droitthemes.net/wp/saasland/demos/vendors/themify-icons/fonts/themify9f24.svg]
[preview.droitthemes.net/wp/saasland/demos/vendors/themify-icons/fonts/themify9f24.svg]
